--------------------[ Tue 16 May 20:03:58 BST 2017 ]--------------------
--------------------[ Tue 16 May 20:04:01 BST 2017 ]--------------------
20+0 records in
20+0 records out
20971520 bytes (21 MB, 20 MiB) copied, 0.0119265 s, 1.8 GB/s
mke2fs 1.43.4 (31-Jan-2017)
Discarding device blocks:  1024/20480           done
Creating filesystem with 20480 1k blocks and 5136 inodes
FileSystem UUID: 9ac0ff33-151f-4721-8d91-cf213963483c
Superblock backups stored on blocks:
	8193, 16385

Allocating group tables: 0/3   done
Writing inode tables: 0/3   done
Writing superblocks and filesystem accounting information: 0/3   done

10+0 records in
10+0 records out
10485760 bytes (10 MB, 10 MiB) copied, 0.065171 s, 161 MB/s
==16291== Memcheck, a memory error detector
==16291== Copyright (C) 2002-2015, and GNU GPL'd, by Julian Seward et al.
==16291== Using Valgrind-3.12.0 and LibVEX; rerun with -h for copyright info
==16291== Command: bin/readfile /tmp/tmp.MrPNcXUr5O /tmp.xCQY88XoSw
==16291==
==16291== Warning: set address range perms: large range [0x200000000, 0x600100000) (noaccess)
==16291==
==16291== HEAP SUMMARY:
==16291==     in use at exit: 128 bytes in 4 blocks
==16291==   total heap usage: 61 allocs, 57 frees, 76,691 bytes allocated
==16291==
==16291== LEAK SUMMARY:
==16291==    definitely lost: 0 bytes in 0 blocks
==16291==    indirectly lost: 0 bytes in 0 blocks
==16291==      possibly lost: 0 bytes in 0 blocks
==16291==    still reachable: 128 bytes in 4 blocks
==16291==         suppressed: 0 bytes in 0 blocks
==16291== Rerun with --leak-check=full to see details of leaked memory
==16291==
==16291== For counts of detected and suppressed errors, rerun with: -v
==16291== ERROR SUMMARY: 0 errors from 0 contexts (suppressed: 0 from 0)
20+0 records in
20+0 records out
20971520 bytes (21 MB, 20 MiB) copied, 0.0120245 s, 1.7 GB/s
mke2fs 1.43.4 (31-Jan-2017)
Discarding device blocks:  1024/20480           done
Creating filesystem with 20480 1k blocks and 5136 inodes
FileSystem UUID: f73067d3-b112-4c00-82f4-0fd1ad37c0e4
Superblock backups stored on blocks:
	8193, 16385

Allocating group tables: 0/3   done
Writing inode tables: 0/3   done
Writing superblocks and filesystem accounting information: 0/3   done

1+0 records in
1+0 records out
1048576 bytes (1.0 MB, 1.0 MiB) copied, 0.00812072 s, 129 MB/s
1+0 records in
1+0 records out
1048576 bytes (1.0 MB, 1.0 MiB) copied, 0.00704218 s, 149 MB/s
1+0 records in
1+0 records out
1048576 bytes (1.0 MB, 1.0 MiB) copied, 0.00811411 s, 129 MB/s
1+0 records in
1+0 records out
1048576 bytes (1.0 MB, 1.0 MiB) copied, 0.00756719 s, 139 MB/s
1+0 records in
1+0 records out
1048576 bytes (1.0 MB, 1.0 MiB) copied, 0.00670015 s, 157 MB/s
1+0 records in
1+0 records out
1048576 bytes (1.0 MB, 1.0 MiB) copied, 0.00674045 s, 156 MB/s
1+0 records in
1+0 records out
1048576 bytes (1.0 MB, 1.0 MiB) copied, 0.00695921 s, 151 MB/s
1+0 records in
1+0 records out
1048576 bytes (1.0 MB, 1.0 MiB) copied, 0.00677684 s, 155 MB/s
1+0 records in
1+0 records out
1048576 bytes (1.0 MB, 1.0 MiB) copied, 0.00670703 s, 156 MB/s
1+0 records in
1+0 records out
1048576 bytes (1.0 MB, 1.0 MiB) copied, 0.00814387 s, 129 MB/s
